[Thread-2] ERROR soot.jimple.toolkits.typing.fast.TypePromotionUseVisitor - Failed Typing in <com.google.android.gms.internal.zzs$zza: boolean onTransact(int,android.os.Parcel,android.os.Parcel,int)> at statement virtualinvoke this.<com.google.android.gms.internal.zzs$zza: void zzb(java.lang.String,boolean)>($u-1#21, $u2#1): Is not cast compatible: boolean <-- [0..127]
[Thread-11] ERROR soot.jimple.toolkits.typing.fast.TypePromotionUseVisitor - Failed Typing in <com.google.android.gms.dynamic.zzc$zza: boolean onTransact(int,android.os.Parcel,android.os.Parcel,int)> at statement virtualinvoke this.<com.google.android.gms.dynamic.zzc$zza: void setHasOptionsMenu(boolean)>($u2#2): Is not cast compatible: boolean <-- [0..127]
[Thread-33] ERROR soot.jimple.toolkits.typing.fast.TypePromotionUseVisitor - Failed Typing in <com.google.ads.conversiontracking.q$a: boolean onTransact(int,android.os.Parcel,android.os.Parcel,int)> at statement virtualinvoke this.<com.google.ads.conversiontracking.q$a: void a(java.lang.String,boolean)>($u-1#21, $u2#1): Is not cast compatible: boolean <-- [0..127]
[Thread-2] ERROR heros.solver.CountingThreadPoolExecutor - Worker thread execution failed: Resolved <android.support.v4.app.ActivityCompat: android.net.Uri getReferrer(android.app.Activity)> to <android.support.v4.app.ActivityCompat: android.net.Uri getReferrer(android.app.Activity)> which has wrong static-ness
soot.ResolutionFailedException: Resolved <android.support.v4.app.ActivityCompat: android.net.Uri getReferrer(android.app.Activity)> to <android.support.v4.app.ActivityCompat: android.net.Uri getReferrer(android.app.Activity)> which has wrong static-ness
	at soot.SootMethodRefImpl.checkStatic(SootMethodRefImpl.java:220)
	at soot.SootMethodRefImpl.tryResolve(SootMethodRefImpl.java:231)
	at soot.SootMethodRefImpl.tryResolve(SootMethodRefImpl.java:213)
	at soot.toolkits.exceptions.UnitThrowAnalysis.mightThrow(UnitThrowAnalysis.java:304)
	at soot.toolkits.exceptions.UnitThrowAnalysis$ValueSwitch.caseStaticInvokeExpr(UnitThrowAnalysis.java:1012)
	at soot.jimple.internal.AbstractStaticInvokeExpr.apply(AbstractStaticInvokeExpr.java:126)
	at soot.toolkits.exceptions.UnitThrowAnalysis.mightThrow(UnitThrowAnalysis.java:296)
	at soot.dexpler.DalvikThrowAnalysis.access$600(DalvikThrowAnalysis.java:155)
	at soot.dexpler.DalvikThrowAnalysis$1.caseAssignStmt(DalvikThrowAnalysis.java:228)
	at soot.jimple.internal.JAssignStmt.apply(JAssignStmt.java:215)
	at soot.toolkits.exceptions.UnitThrowAnalysis.mightThrow(UnitThrowAnalysis.java:280)
	at soot.toolkits.exceptions.UnitThrowAnalysis.mightThrow(UnitThrowAnalysis.java:275)
	at soot.toolkits.graph.ExceptionalUnitGraph.buildExceptionDests(ExceptionalUnitGraph.java:277)
	at soot.toolkits.graph.ExceptionalUnitGraph.initialize(ExceptionalUnitGraph.java:220)
	at soot.toolkits.graph.ExceptionalUnitGraph.<init>(ExceptionalUnitGraph.java:127)
	at soot.toolkits.graph.ExceptionalUnitGraphFactory.newExceptionalUnitGraph(ExceptionalUnitGraphFactory.java:55)
	at soot.toolkits.graph.ExceptionalUnitGraphFactory.createExceptionalUnitGraph(ExceptionalUnitGraphFactory.java:50)
	at soot.toolkits.scalar.LocalSplitter.internalTransform(LocalSplitter.java:109)
	at soot.BodyTransformer.transform(BodyTransformer.java:52)
	at soot.BodyTransformer.transform(BodyTransformer.java:56)
	at soot.dexpler.DexBody.jimplify(DexBody.java:691)
	at soot.dexpler.DexMethod$1.getBody(DexMethod.java:120)
	at soot.SootMethod.retrieveActiveBody(SootMethod.java:446)
	at soot.PackManager.lambda$retrieveAllBodies$2(PackManager.java:1252)
	at java.base/java.util.concurrent.ThreadPoolExecutor.runWorker(ThreadPoolExecutor.java:1136)
	at java.base/java.util.concurrent.ThreadPoolExecutor$Worker.run(ThreadPoolExecutor.java:635)
	at java.base/java.lang.Thread.run(Thread.java:842)
Exception in thread "Thread-2" soot.ResolutionFailedException: Resolved <android.support.v4.app.ActivityCompat: android.net.Uri getReferrer(android.app.Activity)> to <android.support.v4.app.ActivityCompat: android.net.Uri getReferrer(android.app.Activity)> which has wrong static-ness
	at soot.SootMethodRefImpl.checkStatic(SootMethodRefImpl.java:220)
	at soot.SootMethodRefImpl.tryResolve(SootMethodRefImpl.java:231)
	at soot.SootMethodRefImpl.tryResolve(SootMethodRefImpl.java:213)
	at soot.toolkits.exceptions.UnitThrowAnalysis.mightThrow(UnitThrowAnalysis.java:304)
	at soot.toolkits.exceptions.UnitThrowAnalysis$ValueSwitch.caseStaticInvokeExpr(UnitThrowAnalysis.java:1012)
	at soot.jimple.internal.AbstractStaticInvokeExpr.apply(AbstractStaticInvokeExpr.java:126)
	at soot.toolkits.exceptions.UnitThrowAnalysis.mightThrow(UnitThrowAnalysis.java:296)
	at soot.dexpler.DalvikThrowAnalysis.access$600(DalvikThrowAnalysis.java:155)
	at soot.dexpler.DalvikThrowAnalysis$1.caseAssignStmt(DalvikThrowAnalysis.java:228)
	at soot.jimple.internal.JAssignStmt.apply(JAssignStmt.java:215)
	at soot.toolkits.exceptions.UnitThrowAnalysis.mightThrow(UnitThrowAnalysis.java:280)
	at soot.toolkits.exceptions.UnitThrowAnalysis.mightThrow(UnitThrowAnalysis.java:275)
	at soot.toolkits.graph.ExceptionalUnitGraph.buildExceptionDests(ExceptionalUnitGraph.java:277)
	at soot.toolkits.graph.ExceptionalUnitGraph.initialize(ExceptionalUnitGraph.java:220)
	at soot.toolkits.graph.ExceptionalUnitGraph.<init>(ExceptionalUnitGraph.java:127)
	at soot.toolkits.graph.ExceptionalUnitGraphFactory.newExceptionalUnitGraph(ExceptionalUnitGraphFactory.java:55)
	at soot.toolkits.graph.ExceptionalUnitGraphFactory.createExceptionalUnitGraph(ExceptionalUnitGraphFactory.java:50)
	at soot.toolkits.scalar.LocalSplitter.internalTransform(LocalSplitter.java:109)
	at soot.BodyTransformer.transform(BodyTransformer.java:52)
	at soot.BodyTransformer.transform(BodyTransformer.java:56)
	at soot.dexpler.DexBody.jimplify(DexBody.java:691)
	at soot.dexpler.DexMethod$1.getBody(DexMethod.java:120)
	at soot.SootMethod.retrieveActiveBody(SootMethod.java:446)
	at soot.PackManager.lambda$retrieveAllBodies$2(PackManager.java:1252)
	at java.base/java.util.concurrent.ThreadPoolExecutor.runWorker(ThreadPoolExecutor.java:1136)
	at java.base/java.util.concurrent.ThreadPoolExecutor$Worker.run(ThreadPoolExecutor.java:635)
	at java.base/java.lang.Thread.run(Thread.java:842)
Exception in thread "main" soot.ResolutionFailedException: Resolved <android.support.v4.app.ActivityCompat: android.net.Uri getReferrer(android.app.Activity)> to <android.support.v4.app.ActivityCompat: android.net.Uri getReferrer(android.app.Activity)> which has wrong static-ness
	at soot.SootMethodRefImpl.checkStatic(SootMethodRefImpl.java:220)
	at soot.SootMethodRefImpl.tryResolve(SootMethodRefImpl.java:231)
	at soot.SootMethodRefImpl.tryResolve(SootMethodRefImpl.java:213)
	at soot.toolkits.exceptions.UnitThrowAnalysis.mightThrow(UnitThrowAnalysis.java:304)
	at soot.toolkits.exceptions.UnitThrowAnalysis$ValueSwitch.caseStaticInvokeExpr(UnitThrowAnalysis.java:1012)
	at soot.jimple.internal.AbstractStaticInvokeExpr.apply(AbstractStaticInvokeExpr.java:126)
	at soot.toolkits.exceptions.UnitThrowAnalysis.mightThrow(UnitThrowAnalysis.java:296)
	at soot.dexpler.DalvikThrowAnalysis.access$600(DalvikThrowAnalysis.java:155)
	at soot.dexpler.DalvikThrowAnalysis$1.caseAssignStmt(DalvikThrowAnalysis.java:228)
	at soot.jimple.internal.JAssignStmt.apply(JAssignStmt.java:215)
	at soot.toolkits.exceptions.UnitThrowAnalysis.mightThrow(UnitThrowAnalysis.java:280)
	at soot.toolkits.exceptions.UnitThrowAnalysis.mightThrow(UnitThrowAnalysis.java:275)
	at soot.toolkits.graph.ExceptionalUnitGraph.buildExceptionDests(ExceptionalUnitGraph.java:277)
	at soot.toolkits.graph.ExceptionalUnitGraph.initialize(ExceptionalUnitGraph.java:220)
	at soot.toolkits.graph.ExceptionalUnitGraph.<init>(ExceptionalUnitGraph.java:127)
	at soot.toolkits.graph.ExceptionalUnitGraphFactory.newExceptionalUnitGraph(ExceptionalUnitGraphFactory.java:55)
	at soot.toolkits.graph.ExceptionalUnitGraphFactory.createExceptionalUnitGraph(ExceptionalUnitGraphFactory.java:50)
	at soot.toolkits.scalar.LocalSplitter.internalTransform(LocalSplitter.java:109)
	at soot.BodyTransformer.transform(BodyTransformer.java:52)
	at soot.BodyTransformer.transform(BodyTransformer.java:56)
	at soot.dexpler.DexBody.jimplify(DexBody.java:691)
	at soot.dexpler.DexMethod$1.getBody(DexMethod.java:120)
	at soot.SootMethod.retrieveActiveBody(SootMethod.java:446)
	at soot.PackManager.lambda$retrieveAllBodies$2(PackManager.java:1252)
	at java.base/java.util.concurrent.ThreadPoolExecutor.runWorker(ThreadPoolExecutor.java:1136)
	at java.base/java.util.concurrent.ThreadPoolExecutor$Worker.run(ThreadPoolExecutor.java:635)
	at java.base/java.lang.Thread.run(Thread.java:842)
