[main] WARN soot.dexpler.DexFileProvider - Multiple dex files detected, only processing 'classes.dex'. Use '-process-multiple-dex' option to process them all.
[Thread-15] ERROR heros.solver.CountingThreadPoolExecutor - Worker thread execution failed: UnitThrowAnalysis StmtSwitch: type of throw argument is not a RefType!
java.lang.IllegalStateException: UnitThrowAnalysis StmtSwitch: type of throw argument is not a RefType!
	at soot.toolkits.exceptions.AbstractThrowAnalysis.mightThrowExplicitly(AbstractThrowAnalysis.java:75)
	at soot.toolkits.exceptions.UnitThrowAnalysis$UnitSwitch.caseThrowStmt(UnitThrowAnalysis.java:839)
	at soot.jimple.internal.JThrowStmt.apply(JThrowStmt.java:67)
	at soot.toolkits.exceptions.UnitThrowAnalysis.mightThrow(UnitThrowAnalysis.java:280)
	at soot.toolkits.exceptions.UnitThrowAnalysis.mightThrow(UnitThrowAnalysis.java:275)
	at soot.toolkits.graph.ExceptionalUnitGraph.buildExceptionDests(ExceptionalUnitGraph.java:277)
	at soot.toolkits.graph.ExceptionalUnitGraph.initialize(ExceptionalUnitGraph.java:220)
	at soot.toolkits.graph.ExceptionalUnitGraph.<init>(ExceptionalUnitGraph.java:127)
	at soot.toolkits.graph.ExceptionalUnitGraphFactory.newExceptionalUnitGraph(ExceptionalUnitGraphFactory.java:55)
	at soot.toolkits.graph.ExceptionalUnitGraphFactory.createExceptionalUnitGraph(ExceptionalUnitGraphFactory.java:50)
	at soot.toolkits.scalar.LocalSplitter.internalTransform(LocalSplitter.java:109)
	at soot.BodyTransformer.transform(BodyTransformer.java:52)
	at soot.BodyTransformer.transform(BodyTransformer.java:56)
	at soot.dexpler.DexBody.jimplify(DexBody.java:691)
	at soot.dexpler.DexMethod$1.getBody(DexMethod.java:120)
	at soot.SootMethod.retrieveActiveBody(SootMethod.java:446)
	at soot.PackManager.lambda$retrieveAllBodies$2(PackManager.java:1252)
	at java.base/java.util.concurrent.ThreadPoolExecutor.runWorker(ThreadPoolExecutor.java:1136)
	at java.base/java.util.concurrent.ThreadPoolExecutor$Worker.run(ThreadPoolExecutor.java:635)
	at java.base/java.lang.Thread.run(Thread.java:842)
Exception in thread "main" Exception in thread "Thread-15" java.lang.IllegalStateException: UnitThrowAnalysis StmtSwitch: type of throw argument is not a RefType!
	at soot.toolkits.exceptions.AbstractThrowAnalysis.mightThrowExplicitly(AbstractThrowAnalysis.java:75)
	at soot.toolkits.exceptions.UnitThrowAnalysis$UnitSwitch.caseThrowStmt(UnitThrowAnalysis.java:839)
	at soot.jimple.internal.JThrowStmt.apply(JThrowStmt.java:67)
	at soot.toolkits.exceptions.UnitThrowAnalysis.mightThrow(UnitThrowAnalysis.java:280)
	at soot.toolkits.exceptions.UnitThrowAnalysis.mightThrow(UnitThrowAnalysis.java:275)
	at soot.toolkits.graph.ExceptionalUnitGraph.buildExceptionDests(ExceptionalUnitGraph.java:277)
	at soot.toolkits.graph.ExceptionalUnitGraph.initialize(ExceptionalUnitGraph.java:220)
	at soot.toolkits.graph.ExceptionalUnitGraph.<init>(ExceptionalUnitGraph.java:127)
	at soot.toolkits.graph.ExceptionalUnitGraphFactory.newExceptionalUnitGraph(ExceptionalUnitGraphFactory.java:55)
	at soot.toolkits.graph.ExceptionalUnitGraphFactory.createExceptionalUnitGraph(ExceptionalUnitGraphFactory.java:50)
	at soot.toolkits.scalar.LocalSplitter.internalTransform(LocalSplitter.java:109)
	at soot.BodyTransformer.transform(BodyTransformer.java:52)
	at soot.BodyTransformer.transform(BodyTransformer.java:56)
	at soot.dexpler.DexBody.jimplify(DexBody.java:691)
	at soot.dexpler.DexMethod$1.getBody(DexMethod.java:120)
	at soot.SootMethod.retrieveActiveBody(SootMethod.java:446)
	at soot.PackManager.lambda$retrieveAllBodies$2(PackManager.java:1252)
	at java.base/java.util.concurrent.ThreadPoolExecutor.runWorker(ThreadPoolExecutor.java:1136)
	at java.base/java.util.concurrent.ThreadPoolExecutor$Worker.run(ThreadPoolExecutor.java:635)
	at java.base/java.lang.Thread.run(Thread.java:842)
java.util.concurrent.RejectedExecutionException: Task soot.PackManager$$Lambda$37/0x000001258112a130@17e28a30 rejected from heros.solver.CountingThreadPoolExecutor@2b77c018[Shutting down, pool size = 33, active threads = 28, queued tasks = 0, completed tasks = 286]
	at java.base/java.util.concurrent.ThreadPoolExecutor$AbortPolicy.rejectedExecution(ThreadPoolExecutor.java:2065)
	at java.base/java.util.concurrent.ThreadPoolExecutor.reject(ThreadPoolExecutor.java:833)
	at java.base/java.util.concurrent.ThreadPoolExecutor.execute(ThreadPoolExecutor.java:1365)
	at heros.solver.CountingThreadPoolExecutor.execute(CountingThreadPoolExecutor.java:51)
	at soot.PackManager.retrieveAllBodies(PackManager.java:1252)
	at soot.PackManager.runPacksNormally(PackManager.java:502)
	at soot.PackManager.runPacks(PackManager.java:425)
	at SootSetup.run(SootSetup.java:108)
	at Main.main(Main.java:61)
