[main] WARN soot.dexpler.DexFileProvider - Multiple dex files detected, only processing 'classes.dex'. Use '-process-multiple-dex' option to process them all.
[Thread-0] ERROR heros.solver.CountingThreadPoolExecutor - Worker thread execution failed: Opcode: IGET_BYTE_QUICK @ 0xfb1
java.lang.IllegalArgumentException: Opcode: IGET_BYTE_QUICK @ 0xfb1
	at soot.dexpler.instructions.InstructionFactory.fromOpcode(InstructionFactory.java:381)
	at soot.dexpler.instructions.InstructionFactory.fromInstruction(InstructionFactory.java:48)
	at soot.dexpler.DexBody.extractDexInstructions(DexBody.java:337)
	at soot.dexpler.DexBody.<init>(DexBody.java:271)
	at soot.dexpler.DexMethod$1.getBody(DexMethod.java:119)
	at soot.SootMethod.retrieveActiveBody(SootMethod.java:446)
	at soot.PackManager.lambda$retrieveAllBodies$2(PackManager.java:1252)
	at java.base/java.util.concurrent.ThreadPoolExecutor.runWorker(ThreadPoolExecutor.java:1136)
	at java.base/java.util.concurrent.ThreadPoolExecutor$Worker.run(ThreadPoolExecutor.java:635)
	at java.base/java.lang.Thread.run(Thread.java:840)
Exception in thread "main" java.lang.IllegalArgumentException: Opcode: IGET_BYTE_QUICK @ 0xfb1
	at soot.dexpler.instructions.InstructionFactory.fromOpcode(InstructionFactory.java:381)
	at soot.dexpler.instructions.InstructionFactory.fromInstruction(InstructionFactory.java:48)
	at soot.dexpler.DexBody.extractDexInstructions(DexBody.java:337)
	at soot.dexpler.DexBody.<init>(DexBody.java:271)
	at soot.dexpler.DexMethod$1.getBody(DexMethod.java:119)
	at soot.SootMethod.retrieveActiveBody(SootMethod.java:446)
	at soot.PackManager.lambda$retrieveAllBodies$2(PackManager.java:1252)
	at java.base/java.util.concurrent.ThreadPoolExecutor.runWorker(ThreadPoolExecutor.java:1136)
	at java.base/java.util.concurrent.ThreadPoolExecutor$Worker.run(ThreadPoolExecutor.java:635)
	at java.base/java.lang.Thread.run(Thread.java:840)
Exception in thread "Thread-0" java.lang.IllegalArgumentException: Opcode: IGET_BYTE_QUICK @ 0xfb1
	at soot.dexpler.instructions.InstructionFactory.fromOpcode(InstructionFactory.java:381)
	at soot.dexpler.instructions.InstructionFactory.fromInstruction(InstructionFactory.java:48)
	at soot.dexpler.DexBody.extractDexInstructions(DexBody.java:337)
	at soot.dexpler.DexBody.<init>(DexBody.java:271)
	at soot.dexpler.DexMethod$1.getBody(DexMethod.java:119)
	at soot.SootMethod.retrieveActiveBody(SootMethod.java:446)
	at soot.PackManager.lambda$retrieveAllBodies$2(PackManager.java:1252)
	at java.base/java.util.concurrent.ThreadPoolExecutor.runWorker(ThreadPoolExecutor.java:1136)
	at java.base/java.util.concurrent.ThreadPoolExecutor$Worker.run(ThreadPoolExecutor.java:635)
	at java.base/java.lang.Thread.run(Thread.java:840)
