Picked up JAVA_TOOL_OPTIONS: -Dstdout.encoding=UTF-8 -Dstderr.encoding=UTF-8
WARNING: A terminally deprecated method in sun.misc.Unsafe has been called
WARNING: sun.misc.Unsafe::objectFieldOffset has been called by com.google.common.util.concurrent.AbstractFuture$UnsafeAtomicHelper (file:/C:/Users/vrund/Downloads/AndMAL_Detector-master/AndMAL_Detector/Slicer/target/slicer-1.0.jar)
WARNING: Please consider reporting this to the maintainers of class com.google.common.util.concurrent.AbstractFuture$UnsafeAtomicHelper
WARNING: sun.misc.Unsafe::objectFieldOffset will be removed in a future release
[Thread-1] ERROR heros.solver.CountingThreadPoolExecutor - Worker thread execution failed: The last instruction in method La_lock;->b()V is truncated
org.jf.util.ExceptionWithContext: The last instruction in method La_lock;->b()V is truncated
	at org.jf.dexlib2.dexbacked.DexBackedMethodImplementation$1$1.readNextItem(DexBackedMethodImplementation.java:99)
	at org.jf.dexlib2.dexbacked.DexBackedMethodImplementation$1$1.readNextItem(DexBackedMethodImplementation.java:87)
	at org.jf.dexlib2.dexbacked.util.VariableSizeLookaheadIterator.computeNext(VariableSizeLookaheadIterator.java:60)
	at com.google.common.collect.AbstractIterator.tryToComputeNext(AbstractIterator.java:141)
	at com.google.common.collect.AbstractIterator.hasNext(AbstractIterator.java:136)
	at soot.dexpler.DexBody.extractDexInstructions(DexBody.java:336)
	at soot.dexpler.DexBody.<init>(DexBody.java:271)
	at soot.dexpler.DexMethod$1.getBody(DexMethod.java:119)
	at soot.SootMethod.retrieveActiveBody(SootMethod.java:446)
	at soot.PackManager.lambda$retrieveAllBodies$2(PackManager.java:1252)
	at java.base/java.util.concurrent.ThreadPoolExecutor.runWorker(ThreadPoolExecutor.java:1090)
	at java.base/java.util.concurrent.ThreadPoolExecutor$Worker.run(ThreadPoolExecutor.java:614)
	at java.base/java.lang.Thread.run(Thread.java:1516)

Exception in thread "Thread-1" Exception in thread "main" org.jf.util.ExceptionWithContext: The last instruction in method La_lock;->b()V is truncated
	at org.jf.dexlib2.dexbacked.DexBackedMethodImplementation$1$1.readNextItem(DexBackedMethodImplementation.java:99)
	at org.jf.dexlib2.dexbacked.DexBackedMethodImplementation$1$1.readNextItem(DexBackedMethodImplementation.java:87)
	at org.jf.dexlib2.dexbacked.util.VariableSizeLookaheadIterator.computeNext(VariableSizeLookaheadIterator.java:60)
	at com.google.common.collect.AbstractIterator.tryToComputeNext(AbstractIterator.java:141)
	at com.google.common.collect.AbstractIterator.hasNext(AbstractIterator.java:136)
	at soot.dexpler.DexBody.extractDexInstructions(DexBody.java:336)
	at soot.dexpler.DexBody.<init>(DexBody.java:271)
	at soot.dexpler.DexMethod$1.getBody(DexMethod.java:119)
	at soot.SootMethod.retrieveActiveBody(SootMethod.java:446)
	at soot.PackManager.lambda$retrieveAllBodies$2(PackManager.java:1252)
	at java.base/java.util.concurrent.ThreadPoolExecutor.runWorker(ThreadPoolExecutor.java:1090)
	at java.base/java.util.concurrent.ThreadPoolExecutor$Worker.run(ThreadPoolExecutor.java:614)
	at java.base/java.lang.Thread.run(Thread.java:1516)

org.jf.util.ExceptionWithContext: The last instruction in method La_lock;->b()V is truncated
	at org.jf.dexlib2.dexbacked.DexBackedMethodImplementation$1$1.readNextItem(DexBackedMethodImplementation.java:99)
	at org.jf.dexlib2.dexbacked.DexBackedMethodImplementation$1$1.readNextItem(DexBackedMethodImplementation.java:87)
	at org.jf.dexlib2.dexbacked.util.VariableSizeLookaheadIterator.computeNext(VariableSizeLookaheadIterator.java:60)
	at com.google.common.collect.AbstractIterator.tryToComputeNext(AbstractIterator.java:141)
	at com.google.common.collect.AbstractIterator.hasNext(AbstractIterator.java:136)
	at soot.dexpler.DexBody.extractDexInstructions(DexBody.java:336)
	at soot.dexpler.DexBody.<init>(DexBody.java:271)
	at soot.dexpler.DexMethod$1.getBody(DexMethod.java:119)
	at soot.SootMethod.retrieveActiveBody(SootMethod.java:446)
	at soot.PackManager.lambda$retrieveAllBodies$2(PackManager.java:1252)
	at java.base/java.util.concurrent.ThreadPoolExecutor.runWorker(ThreadPoolExecutor.java:1090)
	at java.base/java.util.concurrent.ThreadPoolExecutor$Worker.run(ThreadPoolExecutor.java:614)
	at java.base/java.lang.Thread.run(Thread.java:1516)

