[Thread-30] ERROR heros.solver.CountingThreadPoolExecutor - Worker thread execution failed: class soot.RefType cannot be cast to class soot.ArrayType (soot.RefType and soot.ArrayType are in unnamed module of loader 'app')
java.lang.ClassCastException: class soot.RefType cannot be cast to class soot.ArrayType (soot.RefType and soot.ArrayType are in unnamed module of loader 'app')
	at soot.dexpler.DexTransformer.findArrayType(DexTransformer.java:205)
	at soot.dexpler.DexNumTransformer$1.caseAssignStmt(DexNumTransformer.java:134)
	at soot.jimple.internal.JAssignStmt.apply(JAssignStmt.java:215)
	at soot.dexpler.DexNumTransformer.internalTransform(DexNumTransformer.java:115)
	at soot.BodyTransformer.transform(BodyTransformer.java:52)
	at soot.BodyTransformer.transform(BodyTransformer.java:56)
	at soot.dexpler.DexBody.jimplify(DexBody.java:736)
	at soot.dexpler.DexMethod$1.getBody(DexMethod.java:120)
	at soot.SootMethod.retrieveActiveBody(SootMethod.java:446)
	at soot.PackManager.lambda$retrieveAllBodies$2(PackManager.java:1252)
	at java.base/java.util.concurrent.ThreadPoolExecutor.runWorker(ThreadPoolExecutor.java:1136)
	at java.base/java.util.concurrent.ThreadPoolExecutor$Worker.run(ThreadPoolExecutor.java:635)
	at java.base/java.lang.Thread.run(Thread.java:842)
Exception in thread "Thread-30" java.lang.ClassCastException: class soot.RefType cannot be cast to class soot.ArrayType (soot.RefType and soot.ArrayType are in unnamed module of loader 'app')
	at soot.dexpler.DexTransformer.findArrayType(DexTransformer.java:205)
	at soot.dexpler.DexNumTransformer$1.caseAssignStmt(DexNumTransformer.java:134)
	at soot.jimple.internal.JAssignStmt.apply(JAssignStmt.java:215)
	at soot.dexpler.DexNumTransformer.internalTransform(DexNumTransformer.java:115)
	at soot.BodyTransformer.transform(BodyTransformer.java:52)
	at soot.BodyTransformer.transform(BodyTransformer.java:56)
	at soot.dexpler.DexBody.jimplify(DexBody.java:736)
	at soot.dexpler.DexMethod$1.getBody(DexMethod.java:120)
	at soot.SootMethod.retrieveActiveBody(SootMethod.java:446)
	at soot.PackManager.lambda$retrieveAllBodies$2(PackManager.java:1252)
	at java.base/java.util.concurrent.ThreadPoolExecutor.runWorker(ThreadPoolExecutor.java:1136)
	at java.base/java.util.concurrent.ThreadPoolExecutor$Worker.run(ThreadPoolExecutor.java:635)
	at java.base/java.lang.Thread.run(Thread.java:842)
Exception in thread "main" java.lang.ClassCastException: class soot.RefType cannot be cast to class soot.ArrayType (soot.RefType and soot.ArrayType are in unnamed module of loader 'app')
	at soot.dexpler.DexTransformer.findArrayType(DexTransformer.java:205)
	at soot.dexpler.DexNumTransformer$1.caseAssignStmt(DexNumTransformer.java:134)
	at soot.jimple.internal.JAssignStmt.apply(JAssignStmt.java:215)
	at soot.dexpler.DexNumTransformer.internalTransform(DexNumTransformer.java:115)
	at soot.BodyTransformer.transform(BodyTransformer.java:52)
	at soot.BodyTransformer.transform(BodyTransformer.java:56)
	at soot.dexpler.DexBody.jimplify(DexBody.java:736)
	at soot.dexpler.DexMethod$1.getBody(DexMethod.java:120)
	at soot.SootMethod.retrieveActiveBody(SootMethod.java:446)
	at soot.PackManager.lambda$retrieveAllBodies$2(PackManager.java:1252)
	at java.base/java.util.concurrent.ThreadPoolExecutor.runWorker(ThreadPoolExecutor.java:1136)
	at java.base/java.util.concurrent.ThreadPoolExecutor$Worker.run(ThreadPoolExecutor.java:635)
	at java.base/java.lang.Thread.run(Thread.java:842)
